// Jest Snapshot v1, https://goo.gl/fbAQLP

exports[`render as expected 1`] = `"<div><div id=\\"Home\\"><div style=\\"background: url(/images/kiosque.jpg) no-repeat fixed center; min-height: 100vh;\\" class=\\"large-header \\"><div id=\\"home-text\\"><h1 class=\\"main-title\\">Qui détient nos médias ?</h1><p>On dirait que le nombre de médias français détenus par des milliardaires ou liés à des multinationales est en hausse.</p><p>Evidemment, le propriétaire a une influence sur son journal. Mais quelle est son ampleur, ses formes ? Et puis, est-ce un problème ? Est-ce au contraire souhaitable, ou simplement inévitable ? Chacun se fera son avis librement.</p><p><b>Pour nourrir cette réfléxion, ce site expose les données de la possession des médias français.</b></p><a id=\\"action\\" href=\\"/kiosque\\">Explorer le kiosque</a></div></div></div></div>"`;
